tigerD8H_Sleep7
doggieMN5_Crouchbackleft
bearPDD_Drinkwater
elkML_Idle1
moose1DOG_SwimbackleftRM
elkML_GetHit2
rabbitJM6_Attacks0
bucksYJL_GetHit7
deerFEL_WalkRightRM
tigerD8H_Sleep8
doggieMN5_SwimrightRM
doggieMN5_walkbackleftRM
huskydog3T_Sleep2
bearPDD_Idle1
bear84Q_SwimrightRM
raccoonVGG_Swim2
bunnyQ_Death2
elkML_GetHit5
moose1DOG_Attack3
rabbit7L6_WalkRRM
deerFEL_Attack3
moose1DOG_SwimbackRM
foxYSY_Jump
foxZED_Hide
dragonQKS_act16
deerLO1_lie
tigerD8H_Swim15
moose1DOG_SwimforwardRM
foxXAT_Rotate90R
bearPDD_Death1
bear3EP_TrotleftRM
foxYSY_Rotate90L
huskydog3T_Death0
bearPDD_swimforwardRM
bunnyQ_Rotate180R
dragonQKS_act2
raccoonVGG_SleepLieSeat5
deerLO1_LandingRM
moose45D_Idle3
foxYSY_Attack1
pumaRW_Turn0
dragonOLO_act7
canieLTT_FallEdgeForward1
huskydog3T_Sleep4
huskydog3T_Turn2
moose45D_WalkleftRM
bear3EP_SwimleftRM
moose45D_WalkbackRRM
foxXAT_Rotate180R
bear9AK_SwimbackRRM
tigerD8H_WalkBack0
elkML_WalkBack4
elkML_Sleep0
bear9AK_SwimRotLRM
deerOMG_SwimrightRM
bear3EP_SwimrightRM
deerK5L_TrotrightRM
bearPDD_IdlerotateRRM
deerOMG_RotateRight180RM
raccoonVGG_Climb7
bucksYJL_Idle6
deerLO1_eat2
moose45D_eat2
grizzRSS_Death1
deerA4K_hitsimple
huskydog3T_Swim15
rabbitJM6_Swim4
rabbit7L6_Hide
bunnyQ_TrotRRM
grizzRSS_Damaged1
bear9AK_attack2
moose45D_hitback
deer2MB_SwimbackRM
bear84Q_Hitagression
raccoonVGG_SleepLieSeat3
rabbit7L6_WalkbackRM
dragonOLO_act35
foxYSY_hitmiddle
procySTEM_Walk14
elkML_GetHit4
doggieMN5_TrotrightRM
bucksYJL_Turn4
rabbit7L6_TrotRRM
procySTEM_Death0
moose45D_SwimRotLeftRM
bear84Q_HideRotR
deerFEL_SwimRotRightRM
deer2MB_WalkRightRM
moose45D_WalkRightRM
deerA4K_Idle2
elkML_Attack2
moose1DOG_RotateL180RM
elkML_Fall2
rabbitJM6_Fall2
moose1DOG_eat1
moose45D_Attack3
foxZED_SwimforwardRM
foxZED_walkrightRM
foxYSY_SwimBackrightRM
bearPDD_Idlerotate45RRM
bunnyQ_Attack1
bunnyQ_WalkforwardRM
bear84Q_Death1
rabbit7L6_Idle2
huskydog3T_CombatIdle1
bear84Q_Lie
deerOMG_hitsimple
bear3EP_SwimforwardRM
moose1DOG_Attack1
elkML_Actions0
doggieMN5_drink
bear3EP_CrouchbackRM
elkML_Idle0
foxZED_Rotate90L
deerOMG_lie
deer2MB_death2
deerFEL_eat2
bucksYJL_GetHit0
elkML_Sleep2
bearPDD_Jumpidle
rabbit7L6_Death2
dragonQKS_act21
deerA4K_lie
rabbit7L6_Eat
tigerD8H_Actions1
procySTEM_Turn6
deerA4K_hate
bear9AK_Eat1
canieLTT_Swim4
deerFEL_hitsimple
huskydog3T_Damaged3
tigerD8H_Sleep2
moose45D_RunstopRM
tigerD8H_Turn0
deerFEL_Idle2
bucksYJL_WalkBack0
bear3EP_HideRotL
procySTEM_Swim12
bear84Q_WalkrightRM
pumaRW_Sleep1
foxZED_eat1
foxYSY_Attack2
deer2MB_hiderotLeft
deer2MB_Idle3
bear84Q_Idle3
pumaRW_Actions2
doggieMN5_SwimBackrightRM
foxXAT_Attack2
doggieMN5_Crouchright
huskydog3T_Idles3
bunnyQ_RotateR
pumaRW_Fall3
moose45D_WalkbackLRM
bear3EP_CrouchbaclRRM
bear9AK_SwimrightRM
canieLTT_CombatIdle0
deerOMG_TrotleftRM
moose1DOG_SwimIdle
deerK5L_SwimbackRM
deerFEL_RotateRightRM
moose45D_hiderotRight
raccoonVGG_DeathOpp1
deerSPL_WalkBack2
doggieMN5_SwimidleRM
foxZED_SwimBackleftRM
raccoonVGG_Turn0
bearPDD_walkleftRM
canieLTT_Turn1
deerLO1_RotateleftRM
deerFEL_Idle3
bear3EP_WalkrightRM
bear84Q_CrouchRightRM
bucksYJL_Sleep6
bear9AK_HideRotR
deerK5L_WalkbackLRM
deerFEL_RotateRight180RM
deerOMG_hiderotRight
tigerD8H_Damaged4
deerA4K_SwimrightRM
tigerD8H_Damaged1
bear9AK_Idle2
deerLO1_WalkleftRM
dragonOLO_act17
elkML_GetHit6
moose45D_RotateleftRM
bear84Q_Jump
moose1DOG_RotateR180RM
bucksYJL_Turn0
deerOMG_hitback
dragonOLO_act45
tigerD8H_Attacks0
pumaRW_Sleep5
deer2MB_LandingRM
deerFEL_drink
dragonOLO_act43
tigerD8H_Swim6
deerK5L_RotateRightRM
dragonQKS_act24
foxYSY_drink
moose1DOG_WalkRightRM
tigerD8H_Attacks2
bear84Q_Rotate180L
bunnyQ_Idle2
tigerD8H_WalkBack1
bear84Q_Attack4
bear9AK_Rotate90R
deerFEL_Rotateleft180RM
foxYSY_SwimbackRM
bear3EP_Hitmiddle
pumaRW_Idles1
moose45D_hitsimple
deerFEL_sleep
deerK5L_SwimRotRightRM
elkML_Turn2
grizzRSS_Walk4
grizzRSS_Attack3
doggieMN5_walkrightRM
grizzRSS_Attack0
dragonOLO_act5
moose1DOG_Idle3
huskydog3T_Walk1
deerOMG_Attack3
dragonQKS_act54
foxYSY_walkrightRM
dragonOLO_act9
pumaRW_Turn1
bearPDD_walkbackLeftRM
deerFEL_Attack2
moose45D_SwimRotRightRM
foxYSY_idle2
tigerD8H_Idles3
deerOMG_SwimIdle
doggieMN5_Hide
grizzRSS_Trot2
bearPDD_Idlerotate180LRM
deerOMG_RotateleftRM
bear9AK_attack3
deerOMG_LandingRM
elkML_Swim4
moose45D_WalkhuntedRM
foxYSY_Crouchright
bear3EP_attack3
tigerD8H_Swim13
dragonOLO_act59
grizzRSS_Walk2
procySTEM_Attacks3
deerOMG_Idle3
bear9AK_Hitmiddle
bear9AK_SwimbackLRM
foxYSY_walkbackrightRM
procySTEM_Idle9
pumaRW_Attacks2
deerFEL_RotateRight90RM
bear3EP_RunrightRM
dragonOLO_act42
moose1DOG_RunstopRM
doggieMN5_SwimRotrightRM
procySTEM_Sneak4
moose1DOG_RotateL90RM
tigerD8H_Turn2
bucksYJL_Turn2
huskydog3T_Attacks0
deerA4K_WalkforwardRM
deerOMG_SwimleftRM
deerFEL_WalkleftRM
tigerD8H_Fall1
moose1DOG_SwimbackrightRM
doggieMN5_Attack1
moose45D_Attack2
elkML_Turn1
foxYSY_TrotrightRM
doggieMN5_idle3
bear9AK_CrouchRightRM
foxZED_death2
bear3EP_RunstopRM
deer2MB_RotateRight180RM
foxYSY_LieSleep
deerLO1_hitsimple
grizzRSS_Attack5
grizzRSS_Swim2
bear3EP_CrouchleftRM
deerK5L_SwimRotLeftRM
procySTEM_GetHitRight2
foxYSY_death1
moose1DOG_death1
grizzRSS_Idle7
deerSPL_Turn6
bear3EP_CrouchRightRM
bunnyQ_WalkBackLRM
bearPDD_swimleftRM
bunnyQ_Idle3
bearPDD_Hitrotate45RRM
foxYSY_hitfront
bucksYJL_Idle3
deerFEL_WalkbackRRM
tigerD8H_Sleep5
bear84Q_Idle1
doggieMN5_walkbackrightRM
dragonQKS_act55
rabbitJM6_Sleep3
huskydog3T_Turn0
bearPDD_walkbackRightRM
dragonOLO_act13
rabbit7L6_Attack1
doggieMN5_TrotleftRM
doggieMN5_SwimleftRM
raccoonVGG_Wounded2
deer2MB_SwimIdle
moose45D_eat1
rabbitJM6_Sleep0
pumaRW_WalkBack0
bearPDD_trotrightRM
foxXAT_Attack1
doggieMN5_eat2
canieLTT_FallEdgeForward2
moose1DOG_hiderotLeft
bear9AK_HideRotL
rabbitJM6_Sleep2
elkML_Swim12
moose1DOG_WalkbackRM
bucksYJL_Sleep0
moose1DOG_hitsimple
deer2MB_WalkbackLRM
rabbit7L6_Rotate180R
tigerD8H_Damaged0
tigerD8H_Turn3
moose45D_hitfront
doggieMN5_Attack2
foxXAT_Crouchbackright
canieLTT_Sleep3
bear3EP_Idle3
foxXAT_walkbackRM
rabbit7L6_Rotate90L
doggieMN5_idle1
bear9AK_WalkbackRRM
bear9AK_CrouchleftRM
doggieMN5_SwimRotleftRM
deerA4K_hitfront
elkML_Sleep4
bear3EP_Rotate180R
deerFEL_Rotateleft90RM
deerFEL_SwimforwardRM
rabbit7L6_Idle1
pumaRW_SneakIdles1
bear84Q_Rotate90R
deerOMG_Attack1
bearPDD_Attack1
deer2MB_RunstopRM
canieLTT_Sleep6
deerOMG_Jump
raccoonVGG_Climb3
bear9AK_Hitfront
deerLO1_WalkbackRRM
deerFEL_RunstopRM
deerFEL_hide
foxYSY_walkleftRM
bear3EP_Lie
pumaRW_Sleep2
bucksYJL_Attack0
deerOMG_hiderotLeft
deerSPL_Actions2
doggieMN5_Rotate90R
foxZED_TrotforwardRM
bear3EP_Rotate90R
pumaRW_Swim13
canieLTT_Sleep5
pumaRW_Actions0
bear9AK_CrouchbaclRRM
rabbit7L6_HiderotR
bucksYJL_Sleep1
deerOMG_eat2
deer2MB_WalkbackRM
foxYSY_walkbackleftRM
rabbitJM6_DeathOpp0
bear9AK_TrotleftRM
raccoonVGG_Idle2
bearPDD_Hitrotate90RRM
raccoonVGG_Turn10
foxYSY_SwimforwardRM
deerK5L_SwimIdle
procySTEM_SleepLieSeat4
bunnyQ_Fear
moose45D_RotateL90RM
grizzRSS_Idle4
canieLTT_Turn3
dragonOLO_act28
foxXAT_walkbackrightRM
pumaRW_Damaged0
rabbitJM6_Idle4
pumaRW_Death1
bearPDD_Idlerotate90LRM
bear9AK_Idle1
bear84Q_SwimIdleRM
moose45D_SwimrightRM
foxZED_drink
elkML_Idle4
foxXAT_TrotleftRM
procySTEM_Idle3
canieLTT_Idles1
canieLTT_Swim8
foxXAT_SwimBackrightRM
procySTEM_Idle1
dragonQKS_act53
tigerD8H_Damaged2
procySTEM_WalkBack0
deerSPL_Idle0
bear84Q_Eat1
tigerD8H_Attacks1
bear84Q_RotateRight
rabbit7L6_TrotLRM
foxZED_walkhuntedRM
deerLO1_Idle2
grizzRSS_Damaged0
deerFEL_WalkbackRM
foxYSY_HiderotR
bear3EP_Death2
moose1DOG_SwimRotLeftRM
bear3EP_WalkbackLRM
bearPDD_Attack2
bearPDD_Death2
foxYSY_SwimrightRM
moose1DOG_WalkforwardRM
tigerD8H_Walk2
bearPDD_Hitrotate90LRM
deerFEL_hiderotLeft
pumaRW_Sleep3
bearPDD_swimrightRM
bear9AK_TrotrightRM
elkML_WalkBack2
pumaRW_SneakTurn2
elkML_Swim8
rabbitJM6_Damaged6
doggieMN5_walkleftRM
bear3EP_Idle2
bear9AK_Eat2
deerSPL_Idle2
raccoonVGG_Fall3
bear84Q_WalkbackRRM
elkML_Idle3
bunnyQ_Rotate180L
deerK5L_RotateRight90RM
pumaRW_Swim8
bearPDD_Hitrotate45LRM
elkML_Actions2
rabbitJM6_Attacks3
bunnyQ_WalkbackRM
raccoonVGG_Swim4
bear3EP_Drink
procySTEM_Attacks1
raccoonVGG_Actions3
deer2MB_SwimforwardRM
raccoonVGG_Swim6
tigerD8H_Idles4
deerSPL_Sleep3
elkML_Death1
moose1DOG_death2
foxXAT_Rotate180L
rabbitJM6_Turn3
bunnyQ_WalkhuntedRM
moose1DOG_Liesleep
grizzRSS_Sleep5
moose1DOG_Attack2
pumaRW_Swim2
foxXAT_Lie
deerA4K_Rotateleft90RM
deer2MB_eat1
raccoonVGG_Attacks2
bear3EP_Attack4
rabbitJM6_Fall3
elkML_Swim14
canieLTT_Damaged2
deerSPL_GetHit3
tigerD8H_Sleep4
deerOMG_WalkbackLRM
bear9AK_WalkleftRM
bearPDD_HideRotLRM
rabbit7L6_Idle3
bear3EP_RunleftRM
tigerD8H_Damaged5
bear3EP_CrouchforwardRM
bear84Q_WalkleftRM
bear9AK_Idle3
doggieMN5_Jump
pumaRW_Idles2
canieLTT_Actions1
bear9AK_Hitagression
foxYSY_Agression
foxZED_idle1
elkML_Attack0
moose45D_WalkbackRM
deerFEL_Jump
bear3EP_Idle1
bear3EP_SwimbackRM
bear84Q_SwimbackLRM
rabbitJM6_Idle5
deerFEL_LandingRM
dragonQKS_act56
bear9AK_Lie
moose45D_RotateRightRM
deer2MB_Rotateleft180RM
deerA4K_Jump
tigerD8H_Sleep3
pumaRW_Damaged4
pumaRW_Swim6
deer2MB_Attack3
foxYSY_eat2
bearPDD_IdlerotateLRM
rabbit7L6_RotateR
deerOMG_RotateRight90RM
moose45D_Liesleep
bear9AK_Rotate90L
elkML_Actions1
bucksYJL_Actions1
bunnyQ_WalkBackRRM
bear84Q_SwimRotRRM
canieLTT_Sleep7
moose45D_Jump
grizzRSS_Attack4
bear3EP_WalkleftRM
bear3EP_attack1
bucksYJL_GetHit2
doggieMN5_Howl
huskydog3T_Sleep0
bear84Q_attack1
bear9AK_SwimleftRM
foxZED_Crouchbackleft
rabbit7L6_Rotate90R
foxYSY_TrotleftRM
elkML_Attack6
bear3EP_RotateLeft
tigerD8H_Walk1
bunnyQ_HiderotL
foxYSY_HiderotL
deerK5L_Attack3
deerOMG_SwimRotRightRM
bear84Q_CrouchleftRM
procySTEM_Climb0
bear3EP_SwimRotLRM
dragonQKS_act27
bear84Q_Hide
moose1DOG_WalkbackLRM
foxYSY_SwimRotrightRM
deerK5L_hitback
moose45D_death2
elkML_DeathOpp1
tigerD8H_Actions2
bucksYJL_GetHit8
bear3EP_Rotate90L
deer2MB_SwimRotLeftRM
deerOMG_WalkRightRM
procySTEM_Turn16
pumaRW_Swim4
canieLTT_Swim6
bear84Q_attack3
procySTEM_GetHitLeft2
tigerD8H_Death1
tigerD8H_Idles2
canieLTT_Idles2
deer2MB_death1
bearPDD_Hate1
moose45D_hiderotLeft
moose45D_SwimIdle
bearPDD_Hide
bunnyQ_RotateL
foxYSY_SwimidleRM
deerOMG_death2
foxYSY_Lie
foxZED_HiderotR
bucksYJL_Fall2
moose1DOG_SwimRotRightRM
deerLO1_Rotateleft90RM
doggieMN5_RotateleftRM
doggieMN5_idle2
pumaRW_Damaged1
foxZED_hitfront
canieLTT_Actions0
foxZED_walkforwardRM
deerK5L_WalkbackRM
rabbit7L6_Fear
moose1DOG_SwimleftRM
raccoonVGG_DeathOpp0
deerSPL_Idle1
bear3EP_SwimIdleRM
bearPDD_Hitrotate180RRM
procySTEM_Turn8
deerFEL_hate
grizzRSS_Fall1
pumaRW_WalkBack1
bucksYJL_Swim14
procySTEM_Walk12
doggieMN5_Rotate180R
pumaRW_Death0
deerFEL_SwimleftRM
bear3EP_WalkbackRM
bear3EP_HideRotR
tigerD8H_Swim8
canieLTT_Sleep1
raccoonVGG_WalkTwoFeet2
tigerD8H_Actions3
deerFEL_hiderotRight
rabbit7L6_WalkBackLRM
deerFEL_Idle1
bunnyQ_Drink
foxYSY_Rotate180R
foxZED_Crouchleft
bear84Q_Hitback
elkML_Sleep3
deerFEL_SwimIdle
deerFEL_Attack1
moose45D_drink
deerLO1_death2
bunnyQ_HiderotR
bunnyQ_Idle1
dragonQKS_act18
bear84Q_Idle2
bucksYJL_Swim2
doggieMN5_death1
deerFEL_TrotleftRM
foxYSY_Crouchbackleft
bearPDD_Hithate
deerA4K_RotateRight90RM
bearPDD_Idlerotate180RRM
doggieMN5_Rotate90L
pumaRW_Sleep4
deerA4K_WalkhuntedRM
bear84Q_Hitmiddle
foxZED_walkleftRM
grizzRSS_WalkBack0
moose1DOG_WalkhuntedRM
deer2MB_RotateRightRM
rabbit7L6_RotateL
moose1DOG_Idle1
rabbitJM6_Damaged4
doggieMN5_hitback
deerK5L_hiderotLeft
foxYSY_hitback
foxXAT_idle2
raccoonVGG_Climb11
deerSPL_Walk2
dragonQKS_act36
deerFEL_hitfront
bear9AK_Jump
bear84Q_Rotate90L
bearPDD_walkbackRM
bear84Q_CrouchbaclLRM
doggieMN5_RotaterightRM
bearPDD_runstopRM
deer2MB_WalkleftRM
moose1DOG_WalkleftRM
foxXAT_death1
bunnyQ_Attack2
doggieMN5_eat1
bear9AK_SwimIdleRM
bear3EP_WalkhuntedRM
procySTEM_Wounded1
foxYSY_Rotate180L
deerOMG_hide
dragonQKS_act15
huskydog3T_Idles5
bear84Q_Eat2
deer2MB_eat2
deerFEL_SwimRotLeftRM
bear9AK_attack1
pumaRW_Swim15
foxYSY_Crouchleft
bear9AK_Attack4
deerOMG_hate
doggieMN5_Crouchbackright
deerFEL_death2
bear84Q_TrotleftRM
huskydog3T_Damaged0
bear9AK_RotateLeft
dragonOLO_act25
bear84Q_TrotrightRM
tigerD8H_Fall2
rabbit7L6_WalkhuntedRM
pumaRW_Attacks0
procySTEM_GetHitLeft1
moose1DOG_SwimrightRM
foxXAT_Attack3
raccoonVGG_GetHitRight0
bunnyQ_TrotLRM
tigerD8H_Idles1
bearPDD_Hitsimple
tigerD8H_Swim4
deerA4K_WalkbackRRM
huskydog3T_Actions2
procySTEM_Climb5
bear9AK_Hide
deerOMG_WalkleftRM
moose45D_SwimbackrightRM
rabbit7L6_WalkLRM
moose45D_WalkforwardRM
deerOMG_Attack2
bear3EP_CrouchbaclLRM
foxYSY_walkbackRM
elkML_GetHit3
canieLTT_Damaged4
foxXAT_hitback
procySTEM_Idle4
bearPDD_Idlerotate90RRM
pumaRW_Actions1
bear3EP_Agression
raccoonVGG_Attacks0
grizzRSS_Sleep2
bear3EP_Rotate180L
deerFEL_WalkbackLRM
dragonQKS_act58
procySTEM_GetHitRight1
bear3EP_Hitfront
bucksYJL_GetHit5
bucksYJL_Idle8
rabbitJM6_Idle2
rabbit7L6_WalkforwardRM
bear84Q_Rotate180R
foxYSY_SwimBackleftRM
canieLTT_Attacks1
moose45D_JumpLandingRM
dragonOLO_act50
bearPDD_Idle2
bear3EP_attack2
tigerD8H_Actions6
elkML_Attack4
bucksYJL_Attack4
bear84Q_HideRotL
rabbit7L6_Attack2
foxYSY_RotaterightRM
pumaRW_Damaged3
bear9AK_Rotate180R
deerFEL_WalkhuntedRM
moose45D_TrotleftRM
foxYSY_eat1
doggieMN5_Lie
doggieMN5_HiderotL
procySTEM_Idle11
bear9AK_Death1
bucksYJL_Trot4
moose1DOG_hate
bearPDD_walkhurtRM
bear3EP_WalkforwardRM
grizzRSS_Attack1
pumaRW_Attacks4
deerOMG_SwimRotLeftRM
bear9AK_Drink
pumaRW_Sleep0
deerA4K_hide
bear3EP_SwimRotRRM
dragonOLO_act1
foxXAT_HiderotL
bear3EP_Hitback
moose1DOG_RotateleftRM
bearPDD_Idlerotate45LRM
deerSPL_Idle4
deerLO1_WalkRightRM
elkML_Idle2
rabbitJM6_Swim1
deerK5L_drink
grizzRSS_Turn2
deerSPL_Actions3
deerK5L_Jump
foxYSY_Crouchbackright
raccoonVGG_WalkBack2
grizzRSS_Swim9
deerOMG_hitfront
moose1DOG_Jump
elkML_Walk2
grizzRSS_Idle2
bear3EP_SwimbackLRM
tigerD8H_Death0
foxXAT_hitmiddle
moose45D_SwimbackleftRM
pumaRW_Idles3
foxYSY_SwimleftRM
bucksYJL_Actions4
procySTEM_WalkTwoFeet4
deerA4K_drink
bear9AK_RotateRight
moose45D_hate
bearPDD_attackwalkRM
procySTEM_Climb9
moose1DOG_eat2
deer2MB_RotateleftRM
bear84Q_WalkbackLRM
foxZED_RotaterightRM
foxZED_TrotrightRM
elkML_Death0
deerA4K_Attack1
elkML_GetHit0
pumaRW_Idles0
moose45D_RotateR180RM
tigerD8H_Damaged3
deerSPL_Walk4
bearPDD_walkforwardRM
rabbit7L6_WalkBackRRM
dragonQKS_act44
rabbit7L6_HiderotL
moose1DOG_hide
tigerD8H_Idles0
bucksYJL_WalkBack4
moose1DOG_JumpLandingRM
rabbit7L6_Rotate180L
pumaRW_SneakTurn1
procySTEM_Sneak2
moose1DOG_lie
dragonOLO_act22
foxZED_Jump
raccoonVGG_Turn18
raccoonVGG_Turn4
doggieMN5_hitfront
canieLTT_Idles0
bear3EP_Death3
bearPDD_Hitrotate180LRM
bear3EP_RotateRight
deerLO1_Idle3
moose45D_Idle1
huskydog3T_Damaged5
deerK5L_Attack1
foxZED_SwimrightRM
dragonOLO_act40
bear3EP_TrotrightRM
bunnyQ_WalkLRM
huskydog3T_Swim2
bunnyQ_Eat
raccoonVGG_Walk22
doggieMN5_HiderotR
foxZED_SwimleftRM
bear3EP_Eat1
bearPDD_walkrightRM
procySTEM_Attacks4
foxYSY_death2
moose45D_RotateL180RM
canieLTT_Idles4
bear3EP_Hide
bearPDD_trotleftRM
grizzRSS_DeathOpp0