bear3EP_Agression
bear3EP_Attack4
bear3EP_CrouchbackRM
bear3EP_CrouchbaclLRM
bear3EP_CrouchbaclRRM
bear3EP_CrouchforwardRM
bear3EP_CrouchleftRM
bear3EP_Death2
bear3EP_Death3
bear3EP_Drink
bear3EP_Eat1
bear3EP_Hide
bear3EP_HideRotR
bear3EP_Hitfront
bear3EP_Hitmiddle
bear3EP_Idle2
bear3EP_Idle3
bear3EP_Lie
bear3EP_Rotate180R
bear3EP_Rotate90L
bear3EP_Rotate90R
bear3EP_RotateLeft
bear3EP_RunrightRM
bear3EP_RunstopRM
bear3EP_SwimIdleRM
bear3EP_SwimRotRRM
bear3EP_SwimbackLRM
bear3EP_SwimbackRM
bear3EP_SwimforwardRM
bear3EP_SwimleftRM
bear3EP_SwimrightRM
bear3EP_TrotleftRM
bear3EP_TrotrightRM
bear3EP_WalkbackLRM
bear3EP_WalkforwardRM
bear3EP_WalkleftRM
bear3EP_WalkrightRM
bear3EP_attack1
bear3EP_attack2
bear3EP_attack3
bear84Q_Attack4
bear84Q_CrouchRightRM
bear84Q_CrouchbaclLRM
bear84Q_CrouchleftRM
bear84Q_Eat1
bear84Q_Eat2
bear84Q_Hide
bear84Q_HideRotR
bear84Q_Hitagression
bear84Q_Hitback
bear84Q_Hitmiddle
bear84Q_Idle1
bear84Q_Idle2
bear84Q_Idle3
bear84Q_Jump
bear84Q_Rotate180L
bear84Q_Rotate180R
bear84Q_Rotate90L
bear84Q_Rotate90R
bear84Q_RotateRight
bear84Q_SwimIdleRM
bear84Q_SwimRotRRM
bear84Q_SwimbackLRM
bear84Q_SwimrightRM
bear84Q_TrotleftRM
bear84Q_WalkbackLRM
bear84Q_WalkbackRRM
bear84Q_WalkleftRM
bear84Q_attack1
bear84Q_attack3
bear9AK_CrouchRightRM
bear9AK_CrouchbaclRRM
bear9AK_CrouchleftRM
bear9AK_Death1
bear9AK_Drink
bear9AK_Eat1
bear9AK_Eat2
bear9AK_HideRotL
bear9AK_HideRotR
bear9AK_Hitagression
bear9AK_Hitfront
bear9AK_Hitmiddle
bear9AK_Idle1
bear9AK_Idle2
bear9AK_Idle3
bear9AK_Jump
bear9AK_Lie
bear9AK_Rotate180R
bear9AK_Rotate90L
bear9AK_Rotate90R
bear9AK_RotateLeft
bear9AK_RotateRight
bear9AK_SwimbackLRM
bear9AK_SwimleftRM
bear9AK_SwimrightRM
bear9AK_TrotleftRM
bear9AK_TrotrightRM
bear9AK_WalkbackRRM
bear9AK_WalkleftRM
bear9AK_attack1
bear9AK_attack2
bear9AK_attack3
bearPDD_Attack2
bearPDD_Death1
bearPDD_Death2
bearPDD_Drinkwater
bearPDD_Hate1
bearPDD_Hide
bearPDD_HideRotLRM
bearPDD_Hithate
bearPDD_Hitrotate180LRM
bearPDD_Hitrotate180RRM
bearPDD_Hitrotate90LRM
bearPDD_Hitrotate90RRM
bearPDD_Idle1
bearPDD_Idle2
bearPDD_Idlerotate180RRM
bearPDD_Idlerotate45LRM
bearPDD_Idlerotate45RRM
bearPDD_Idlerotate90RRM
bearPDD_attackwalkRM
bearPDD_runstopRM
bearPDD_trotleftRM
bearPDD_trotrightRM
bearPDD_walkbackLeftRM
bearPDD_walkbackRM
bearPDD_walkbackRightRM
bearPDD_walkforwardRM
bearPDD_walkhurtRM
bucksYJL_Actions1
bucksYJL_Actions4
bucksYJL_Attack0
bucksYJL_Attack4
bucksYJL_Fall2
bucksYJL_GetHit2
bucksYJL_GetHit5
bucksYJL_GetHit7
bucksYJL_GetHit8
bucksYJL_Idle3
bucksYJL_Idle6
bucksYJL_Idle8
bucksYJL_Sleep0
bucksYJL_Sleep1
bucksYJL_Sleep6
bucksYJL_Swim14
bucksYJL_Swim2
bucksYJL_Turn0
bucksYJL_Turn2
bucksYJL_Turn4
bucksYJL_WalkBack0
bucksYJL_WalkBack4
bunnyQ_Attack1
bunnyQ_Attack2
bunnyQ_Death2
bunnyQ_Drink
bunnyQ_Fear
bunnyQ_HiderotL
bunnyQ_HiderotR
bunnyQ_Idle1
bunnyQ_Idle2
bunnyQ_Idle3
bunnyQ_Rotate180L
bunnyQ_Rotate180R
bunnyQ_RotateL
bunnyQ_RotateR
bunnyQ_TrotLRM
bunnyQ_TrotRRM
bunnyQ_WalkBackLRM
bunnyQ_WalkBackRRM
bunnyQ_WalkLRM
bunnyQ_WalkhuntedRM
canieLTT_Actions1
canieLTT_Attacks1
canieLTT_CombatIdle0
canieLTT_Damaged2
canieLTT_Damaged4
canieLTT_FallEdgeForward1
canieLTT_FallEdgeForward2
canieLTT_Idles0
canieLTT_Idles1
canieLTT_Idles2
canieLTT_Idles4
canieLTT_Sleep3
canieLTT_Sleep5
canieLTT_Sleep6
canieLTT_Swim4
canieLTT_Swim8
canieLTT_Turn1
deer2MB_Attack3
deer2MB_Idle3
deer2MB_LandingRM
deer2MB_RotateRight180RM
deer2MB_RotateRightRM
deer2MB_Rotateleft180RM
deer2MB_RotateleftRM
deer2MB_SwimIdle
deer2MB_SwimRotLeftRM
deer2MB_SwimbackRM
deer2MB_SwimforwardRM
deer2MB_WalkRightRM
deer2MB_WalkbackLRM
deer2MB_WalkbackRM
deer2MB_WalkleftRM
deer2MB_death1
deer2MB_eat1
deer2MB_eat2
deerA4K_Idle2
deerA4K_Jump
deerA4K_RotateRight90RM
deerA4K_Rotateleft90RM
deerA4K_SwimrightRM
deerA4K_WalkbackRRM
deerA4K_WalkforwardRM
deerA4K_WalkhuntedRM
deerA4K_drink
deerA4K_hide
deerA4K_hitfront
deerA4K_hitsimple
deerA4K_lie
deerFEL_Attack1
deerFEL_Attack2
deerFEL_Attack3
deerFEL_Idle2
deerFEL_Jump
deerFEL_LandingRM
deerFEL_RotateRight180RM
deerFEL_Rotateleft90RM
deerFEL_RunstopRM
deerFEL_SwimIdle
deerFEL_SwimRotLeftRM
deerFEL_SwimRotRightRM
deerFEL_SwimforwardRM
deerFEL_SwimleftRM
deerFEL_TrotleftRM
deerFEL_WalkRightRM
deerFEL_WalkbackLRM
deerFEL_WalkbackRM
deerFEL_WalkhuntedRM
deerFEL_WalkleftRM
deerFEL_death2
deerFEL_drink
deerFEL_eat2
deerFEL_hate
deerFEL_hide
deerFEL_hiderotLeft
deerFEL_hiderotRight
deerFEL_hitfront
deerFEL_hitsimple
deerFEL_sleep
deerK5L_Attack1
deerK5L_RotateRightRM
deerK5L_SwimIdle
deerK5L_SwimRotLeftRM
deerK5L_SwimRotRightRM
deerK5L_SwimbackRM
deerK5L_TrotrightRM
deerK5L_WalkbackLRM
deerK5L_WalkbackRM
deerK5L_drink
deerK5L_hiderotLeft
deerK5L_hitback
deerLO1_Idle2
deerLO1_Idle3
deerLO1_LandingRM
deerLO1_Rotateleft90RM
deerLO1_WalkRightRM
deerLO1_WalkbackRRM
deerLO1_death2
deerLO1_eat2
deerLO1_hitsimple
deerLO1_lie
deerOMG_Attack1
deerOMG_Attack2
deerOMG_Attack3
deerOMG_Idle3
deerOMG_Jump
deerOMG_LandingRM
deerOMG_RotateRight180RM
deerOMG_RotateRight90RM
deerOMG_RotateleftRM
deerOMG_SwimIdle
deerOMG_SwimRotLeftRM
deerOMG_SwimleftRM
deerOMG_TrotleftRM
deerOMG_WalkRightRM
deerOMG_WalkbackLRM
deerOMG_WalkleftRM
deerOMG_death2
deerOMG_eat2
deerOMG_hate
deerOMG_hide
deerOMG_hiderotLeft
deerOMG_hiderotRight
deerOMG_hitback
deerOMG_hitfront
deerOMG_hitsimple
deerOMG_lie
deerSPL_Actions2
deerSPL_Actions3
deerSPL_GetHit3
deerSPL_Idle0
deerSPL_Idle1
deerSPL_Sleep3
deerSPL_Turn6
deerSPL_Walk2
deerSPL_Walk4
deerSPL_WalkBack2
doggieMN5_Attack1
doggieMN5_Attack2
doggieMN5_Crouchbackleft
doggieMN5_Crouchright
doggieMN5_Hide
doggieMN5_HiderotR
doggieMN5_Howl
doggieMN5_Jump
doggieMN5_Lie
doggieMN5_Rotate180R
doggieMN5_Rotate90L
doggieMN5_Rotate90R
doggieMN5_RotateleftRM
doggieMN5_SwimBackrightRM
doggieMN5_SwimRotleftRM
doggieMN5_SwimidleRM
doggieMN5_SwimleftRM
doggieMN5_SwimrightRM
doggieMN5_TrotleftRM
doggieMN5_TrotrightRM
doggieMN5_death1
doggieMN5_drink
doggieMN5_eat1
doggieMN5_eat2
doggieMN5_hitback
doggieMN5_hitfront
doggieMN5_idle1
doggieMN5_idle2
doggieMN5_idle3
doggieMN5_walkbackleftRM
doggieMN5_walkleftRM
doggieMN5_walkrightRM
dragonOLO_act1
dragonOLO_act17
dragonOLO_act22
dragonOLO_act25
dragonOLO_act28
dragonOLO_act40
dragonOLO_act42
dragonOLO_act43
dragonOLO_act45
dragonOLO_act5
dragonOLO_act50
dragonOLO_act59
dragonOLO_act7
dragonOLO_act9
dragonQKS_act15
dragonQKS_act16
dragonQKS_act2
dragonQKS_act21
dragonQKS_act24
dragonQKS_act27
dragonQKS_act36
dragonQKS_act44
dragonQKS_act54
dragonQKS_act56
dragonQKS_act58
elkML_Actions0
elkML_Actions1
elkML_Actions2
elkML_Attack0
elkML_Attack2
elkML_Attack4
elkML_Death0
elkML_Death1
elkML_DeathOpp1
elkML_Fall2
elkML_GetHit0
elkML_GetHit3
elkML_GetHit4
elkML_GetHit5
elkML_GetHit6
elkML_Idle0
elkML_Idle1
elkML_Idle2
elkML_Idle3
elkML_Idle4
elkML_Sleep0
elkML_Sleep2
elkML_Sleep3
elkML_Sleep4
elkML_Swim12
elkML_Swim4
elkML_Swim8
elkML_Turn1
elkML_Turn2
elkML_Walk2
elkML_WalkBack2
elkML_WalkBack4
foxXAT_Attack1
foxXAT_Attack2
foxXAT_Attack3
foxXAT_HiderotL
foxXAT_Lie
foxXAT_Rotate180L
foxXAT_Rotate180R
foxXAT_Rotate90R
foxXAT_SwimBackrightRM
foxXAT_TrotleftRM
foxXAT_hitback
foxXAT_hitmiddle
foxXAT_idle2
foxXAT_walkbackRM
foxXAT_walkbackrightRM
foxYSY_Agression
foxYSY_Attack1
foxYSY_Attack2
foxYSY_Crouchbackleft
foxYSY_Crouchbackright
foxYSY_Crouchleft
foxYSY_Crouchright
foxYSY_HiderotL
foxYSY_HiderotR
foxYSY_Jump
foxYSY_Lie
foxYSY_Rotate180L
foxYSY_Rotate90L
foxYSY_RotaterightRM
foxYSY_SwimBackleftRM
foxYSY_SwimBackrightRM
foxYSY_SwimRotrightRM
foxYSY_SwimforwardRM
foxYSY_SwimidleRM
foxYSY_SwimrightRM
foxYSY_TrotleftRM
foxYSY_TrotrightRM
foxYSY_death1
foxYSY_death2
foxYSY_drink
foxYSY_eat1
foxYSY_eat2
foxYSY_hitback
foxYSY_hitmiddle
foxYSY_idle2
foxYSY_walkbackRM
foxYSY_walkbackleftRM
foxYSY_walkbackrightRM
foxYSY_walkleftRM
foxYSY_walkrightRM
foxZED_Crouchbackleft
foxZED_Crouchleft
foxZED_Hide
foxZED_HiderotR
foxZED_Jump
foxZED_Rotate90L
foxZED_RotaterightRM
foxZED_SwimBackleftRM
foxZED_SwimforwardRM
foxZED_SwimleftRM
foxZED_SwimrightRM
foxZED_TrotforwardRM
foxZED_TrotrightRM
foxZED_drink
foxZED_eat1
foxZED_hitfront
foxZED_walkforwardRM
foxZED_walkhuntedRM
foxZED_walkleftRM
foxZED_walkrightRM
grizzRSS_Attack0
grizzRSS_Attack1
grizzRSS_Attack3
grizzRSS_Attack4
grizzRSS_Damaged0
grizzRSS_Damaged1
grizzRSS_Death1
grizzRSS_Fall1
grizzRSS_Idle2
grizzRSS_Idle4
grizzRSS_Idle7
grizzRSS_Sleep2
grizzRSS_Swim2
grizzRSS_Swim9
grizzRSS_Trot2
grizzRSS_Turn2
grizzRSS_Walk4
grizzRSS_WalkBack0
huskydog3T_Attacks0
huskydog3T_CombatIdle1
huskydog3T_Damaged0
huskydog3T_Damaged3
huskydog3T_Damaged5
huskydog3T_Death0
huskydog3T_Idles5
huskydog3T_Sleep0
huskydog3T_Sleep4
huskydog3T_Swim15
huskydog3T_Swim2
huskydog3T_Turn2
huskydog3T_Walk1
moose1DOG_Attack2
moose1DOG_Attack3
moose1DOG_Idle3
moose1DOG_Jump
moose1DOG_JumpLandingRM
moose1DOG_Liesleep
moose1DOG_RotateL180RM
moose1DOG_RotateL90RM
moose1DOG_RotateR180RM
moose1DOG_RotateleftRM
moose1DOG_RunstopRM
moose1DOG_SwimIdle
moose1DOG_SwimRotLeftRM
moose1DOG_SwimbackRM
moose1DOG_SwimbackleftRM
moose1DOG_SwimbackrightRM
moose1DOG_SwimleftRM
moose1DOG_SwimrightRM
moose1DOG_WalkbackLRM
moose1DOG_WalkbackRM
moose1DOG_WalkhuntedRM
moose1DOG_death1
moose1DOG_eat1
moose1DOG_eat2
moose1DOG_hate
moose1DOG_hide
moose1DOG_hitsimple
moose1DOG_lie
moose45D_Attack2
moose45D_Attack3
moose45D_Idle1
moose45D_Idle3
moose45D_Jump
moose45D_JumpLandingRM
moose45D_Liesleep
moose45D_RotateL180RM
moose45D_RotateL90RM
moose45D_RotateRightRM
moose45D_RotateleftRM
moose45D_SwimIdle
moose45D_SwimRotRightRM
moose45D_SwimbackleftRM
moose45D_SwimbackrightRM
moose45D_TrotleftRM
moose45D_WalkbackLRM
moose45D_WalkbackRM
moose45D_WalkforwardRM
moose45D_WalkhuntedRM
moose45D_WalkleftRM
moose45D_drink
moose45D_eat1
moose45D_eat2
moose45D_hate
moose45D_hiderotLeft
moose45D_hiderotRight
moose45D_hitback
moose45D_hitfront
moose45D_hitsimple
procySTEM_Attacks1
procySTEM_Attacks3
procySTEM_Attacks4
procySTEM_Climb9
procySTEM_Death0
procySTEM_GetHitLeft1
procySTEM_GetHitLeft2
procySTEM_GetHitRight1
procySTEM_GetHitRight2
procySTEM_Idle1
procySTEM_Idle11
procySTEM_Idle3
procySTEM_Idle4
procySTEM_Idle9
procySTEM_SleepLieSeat4
procySTEM_Sneak2
procySTEM_Sneak4
procySTEM_Swim12
procySTEM_Turn16
procySTEM_Turn6
procySTEM_Turn8
procySTEM_Walk12
procySTEM_Walk14
procySTEM_WalkTwoFeet4
procySTEM_Wounded1
pumaRW_Actions0
pumaRW_Actions1
pumaRW_Actions2
pumaRW_Attacks0
pumaRW_Attacks2
pumaRW_Attacks4
pumaRW_Damaged0
pumaRW_Damaged3
pumaRW_Damaged4
pumaRW_Death0
pumaRW_Death1
pumaRW_Idles0
pumaRW_Idles2
pumaRW_Idles3
pumaRW_Sleep0
pumaRW_Sleep1
pumaRW_Sleep4
pumaRW_Sleep5
pumaRW_SneakIdles1
pumaRW_SneakTurn2
pumaRW_Swim13
pumaRW_Swim15
pumaRW_Swim2
pumaRW_Swim4
pumaRW_Swim8
pumaRW_Turn0
pumaRW_Turn1
pumaRW_WalkBack0
pumaRW_WalkBack1
rabbit7L6_Death2
rabbit7L6_Eat
rabbit7L6_Fear
rabbit7L6_Hide
rabbit7L6_HiderotL
rabbit7L6_HiderotR
rabbit7L6_Idle1
rabbit7L6_Idle2
rabbit7L6_Idle3
rabbit7L6_Rotate180L
rabbit7L6_Rotate180R
rabbit7L6_Rotate90R
rabbit7L6_RotateL
rabbit7L6_RotateR
rabbit7L6_TrotLRM
rabbit7L6_TrotRRM
rabbit7L6_WalkBackLRM
rabbit7L6_WalkBackRRM
rabbit7L6_WalkLRM
rabbit7L6_WalkRRM
rabbit7L6_WalkbackRM
rabbit7L6_WalkforwardRM
rabbitJM6_Attacks0
rabbitJM6_Damaged4
rabbitJM6_Damaged6
rabbitJM6_DeathOpp0
rabbitJM6_Fall2
rabbitJM6_Idle2
rabbitJM6_Idle4
rabbitJM6_Idle5
rabbitJM6_Sleep0
rabbitJM6_Sleep2
rabbitJM6_Sleep3
rabbitJM6_Swim1
rabbitJM6_Swim4
rabbitJM6_Turn3
raccoonVGG_Actions3
raccoonVGG_Attacks0
raccoonVGG_Attacks2
raccoonVGG_Climb11
raccoonVGG_Climb3
raccoonVGG_Climb7
raccoonVGG_DeathOpp0
raccoonVGG_DeathOpp1
raccoonVGG_Fall3
raccoonVGG_GetHitRight0
raccoonVGG_Idle2
raccoonVGG_SleepLieSeat3
raccoonVGG_SleepLieSeat5
raccoonVGG_Swim2
raccoonVGG_Swim4
raccoonVGG_Swim6
raccoonVGG_Turn0
raccoonVGG_Turn18
raccoonVGG_Turn4
raccoonVGG_Walk22
raccoonVGG_WalkTwoFeet2
raccoonVGG_Wounded2
tigerD8H_Actions1
tigerD8H_Actions2
tigerD8H_Actions3
tigerD8H_Actions6
tigerD8H_Attacks0
tigerD8H_Attacks1
tigerD8H_Attacks2
tigerD8H_Damaged1
tigerD8H_Damaged2
tigerD8H_Damaged3
tigerD8H_Damaged4
tigerD8H_Damaged5
tigerD8H_Death1
tigerD8H_Fall1
tigerD8H_Fall2
tigerD8H_Idles0
tigerD8H_Idles1
tigerD8H_Idles2
tigerD8H_Sleep2
tigerD8H_Sleep4
tigerD8H_Sleep5
tigerD8H_Sleep8
tigerD8H_Swim13
tigerD8H_Swim15
tigerD8H_Swim4
tigerD8H_Swim6
tigerD8H_Swim8
tigerD8H_Turn0
tigerD8H_Turn3
tigerD8H_Walk1
tigerD8H_Walk2
tigerD8H_WalkBack0
tigerD8H_WalkBack1
