bear3EP_CrouchRightRM
bear3EP_HideRotL
bear3EP_Hitback
bear3EP_Idle1
bear3EP_Rotate180L
bear3EP_RotateRight
bear3EP_RunleftRM
bear3EP_SwimRotLRM
bear3EP_WalkbackRM
bear3EP_WalkhuntedRM
bear84Q_Death1
bear84Q_HideRotL
bear84Q_Lie
bear84Q_TrotrightRM
bear84Q_WalkrightRM
bear9AK_Attack4
bear9AK_Hide
bear9AK_SwimIdleRM
bear9AK_SwimRotLRM
bear9AK_SwimbackRRM
bearPDD_Attack1
bearPDD_Hitrotate45LRM
bearPDD_Hitrotate45RRM
bearPDD_Hitsimple
bearPDD_Idlerotate180LRM
bearPDD_Idlerotate90LRM
bearPDD_IdlerotateLRM
bearPDD_IdlerotateRRM
bearPDD_Jumpidle
bearPDD_swimforwardRM
bearPDD_swimleftRM
bearPDD_swimrightRM
bearPDD_walkleftRM
bearPDD_walkrightRM
bucksYJL_GetHit0
bucksYJL_Trot4
bunnyQ_Eat
bunnyQ_WalkbackRM
bunnyQ_WalkforwardRM
canieLTT_Actions0
canieLTT_Sleep1
canieLTT_Sleep7
canieLTT_Swim6
canieLTT_Turn3
deer2MB_RunstopRM
deer2MB_death2
deer2MB_hiderotLeft
deerA4K_Attack1
deerA4K_hate
deerFEL_Idle1
deerFEL_Idle3
deerFEL_RotateRight90RM
deerFEL_RotateRightRM
deerFEL_Rotateleft180RM
deerFEL_WalkbackRRM
deerK5L_Attack3
deerK5L_Jump
deerK5L_RotateRight90RM
deerLO1_RotateleftRM
deerLO1_WalkleftRM
deerOMG_SwimRotRightRM
deerOMG_SwimrightRM
deerSPL_Idle2
deerSPL_Idle4
doggieMN5_Crouchbackright
doggieMN5_HiderotL
doggieMN5_RotaterightRM
doggieMN5_SwimRotrightRM
doggieMN5_walkbackrightRM
dragonOLO_act13
dragonOLO_act35
dragonQKS_act18
dragonQKS_act53
dragonQKS_act55
elkML_Attack6
elkML_GetHit2
elkML_Swim14
foxXAT_Crouchbackright
foxXAT_death1
foxYSY_LieSleep
foxYSY_Rotate180R
foxYSY_SwimbackRM
foxYSY_SwimleftRM
foxYSY_hitfront
foxZED_death2
foxZED_idle1
grizzRSS_Attack5
grizzRSS_DeathOpp0
grizzRSS_Sleep5
grizzRSS_Walk2
huskydog3T_Actions2
huskydog3T_Idles3
huskydog3T_Sleep2
huskydog3T_Turn0
moose1DOG_Attack1
moose1DOG_Idle1
moose1DOG_SwimRotRightRM
moose1DOG_SwimforwardRM
moose1DOG_WalkRightRM
moose1DOG_WalkforwardRM
moose1DOG_WalkleftRM
moose1DOG_death2
moose1DOG_hiderotLeft
moose45D_RotateR180RM
moose45D_RunstopRM
moose45D_SwimRotLeftRM
moose45D_SwimrightRM
moose45D_WalkRightRM
moose45D_WalkbackRRM
moose45D_death2
procySTEM_Climb0
procySTEM_Climb5
procySTEM_WalkBack0
pumaRW_Damaged1
pumaRW_Fall3
pumaRW_Idles1
pumaRW_Sleep2
pumaRW_Sleep3
pumaRW_SneakTurn1
pumaRW_Swim6
rabbit7L6_Attack1
rabbit7L6_Attack2
rabbit7L6_Rotate90L
rabbit7L6_WalkhuntedRM
rabbitJM6_Attacks3
rabbitJM6_Fall3
raccoonVGG_Turn10
raccoonVGG_WalkBack2
tigerD8H_Damaged0
tigerD8H_Death0
tigerD8H_Idles3
tigerD8H_Idles4
tigerD8H_Sleep3
tigerD8H_Sleep7
tigerD8H_Turn2
